// Jest Snapshot v1, https://goo.gl/fbAQLP

exports[`<ReadPage /> should match snapshot 1`] = `
<Container
  tag="div"
>
  <Row
    tag="div"
  >
    <Col
      tag="div"
      widths={
        Array [
          "xs",
          "sm",
          "md",
          "lg",
          "xl",
        ]
      }
    >
      <Header
        routes=""
      />
      <ReadZorginstelling
        routes=""
      />
      <ReadChauffeur
        routes=""
      />
      <ReadClient
        routes=""
      />
      <Footer />
    </Col>
  </Row>
</Container>
`;
