// Jest Snapshot v1, https://goo.gl/fbAQLP

exports[`LoginPage component should match snapshot 1`] = `
<Container
  tag="div"
>
  <Row
    tag="div"
  >
    <Col
      md={6}
      tag="div"
      widths={
        Array [
          "xs",
          "sm",
          "md",
          "lg",
          "xl",
        ]
      }
    >
      <LoginImg />
    </Col>
    <Col
      md={6}
      tag="div"
      widths={
        Array [
          "xs",
          "sm",
          "md",
          "lg",
          "xl",
        ]
      }
    >
      <LoginForm />
    </Col>
  </Row>
</Container>
`;
