// Jest Snapshot v1, https://goo.gl/fbAQLP

exports[`LoginForm component should match snapshot 1`] = `
<div
  className="grandParentContaniner"
>
  <div
    className="parentContainer"
  >
    <img
      alt=""
      className="img-fluid"
      src="home.jpg"
    />
  </div>
</div>
`;
